// Jest Snapshot v1, https://goo.gl/fbAQLP

exports[`renders correctly 1`] = `
<div
  className="link-container"
>
  <a
    href="http://www.facebook.com"
  >
    Link to user profile
  </a>
</div>
`;
